-0.35218907072353
-0.28558960619420 -0.32278303439521 -0.65740655770230
 0.00000003409128  0.00000082271982  0.00000032683244
 0.00000099313713 -0.00000088064558  0.00000165172991
-0.00000102722842  0.00000005792576 -0.00000197856235
