
                                 *****************
                                 * O   R   C   A *
                                 *****************

           --- An Ab Initio, DFT and Semiempirical electronic structure package ---

                  #######################################################
                  #                        -***-                        #
                  #  Department of molecular theory and spectroscopy    #
                  #              Directorship: Frank Neese              #
                  # Max Planck Institute for Chemical Energy Conversion #
                  #                  D-45470 Muelheim/Ruhr              #
                  #                       Germany                       #
                  #                                                     #
                  #                  All rights reserved                #
                  #                        -***-                        #
                  #######################################################


                         Program Version 3.0.2 -  RELEASE  -


 With contributions from (in alphabetic order):
   Ute Becker             : Parallelization
   Dmytro Bykov           : SCF Hessian
   Dmitry Ganyushin       : Spin-Orbit,Spin-Spin,Magnetic field MRCI
   Andreas Hansen         : Spin unrestricted coupled pair/coupled cluster methods
   Dimitrios Liakos       : Extrapolation schemes; parallel MDCI
   Robert Izsak           : Overlap fitted RIJCOSX, COSX-SCS-MP3
   Christian Kollmar      : KDIIS, OOCD, Brueckner-CCSD(T), CCSD density
   Simone Kossmann        : Meta GGA functionals, TD-DFT gradient, OOMP2, MP2 Hessian
   Taras Petrenko         : DFT Hessian,TD-DFT gradient, ASA and ECA modules, normal mode analysis, Resonance Raman, ABS, FL, XAS/XES, NRVS
   Christoph Reimann      : Effective Core Potentials
   Michael Roemelt        : Restricted open shell CIS
   Christoph Riplinger    : Improved optimizer, TS searches, QM/MM, DLPNO-CCSD
   Barbara Sandhoefer     : DKH picture change effects
   Igor Schapiro          : Molecular dynamics
   Kantharuban Sivalingam : CASSCF convergence, NEVPT2
   Boris Wezisla          : Elementary symmetry handling
   Frank Wennmohs         : Technical directorship


 We gratefully acknowledge several colleagues who have allowed us to
 interface, adapt or use parts of their codes:
   Stefan Grimme, W. Hujo, H. Kruse, T. Risthaus : VdW corrections, initial TS optimization,
                                                   DFT functionals, gCP
   Ed Valeev                                     : LibInt (2-el integral package), F12 methods
   Garnet Chan, S. Sharma, R. Olivares           : DMRG
   Ulf Ekstrom                                   : XCFun DFT Library
   Mihaly Kallay                                 : mrcc  (arbitrary order and MRCC methods)
   Andreas Klamt, Michael Diedenhofen            : otool_cosmo (COSMO solvation model)
   Frank Weinhold                                : gennbo (NPA and NBO analysis)
   Christopher J. Cramer and Donald G. Truhlar   : smd solvation model


 Your calculation uses the libint2 library for the computation of 2-el integrals
 For citations please refer to: http://libint.valeyev.net

 This ORCA versions uses:
   CBLAS   interface :  Fast vector & matrix operations
   LAPACKE interface :  Fast linear algebra routines
   SCALAPACK package :  Parallel linear algebra routines


Your calculation utilizes the basis: Ahlrichs-TZV
Cite in your paper:
H - Kr: A. Schaefer, H. Horn and R. Ahlrichs, J. Chem. Phys. 97, 2571 (1992).

The def2-TZV basis will be loaded
Cite in your paper:
 	F. Weigend, R. Ahlrichs, Phys. Chem. Chem. Phys. 2005, 7, 3297.

Your calculation utilizes empirical dispersion correction
Cite in your paper:
S.Grimme, S.Ehrlich, L.Goerigk, J Comput Chem, (2011), 32, 1456â€“1465 
S.Grimme, J.Antony, S.Ehrlich and H.Krieg, J.Chem.Phys., 132, (2010), 154104 
   

================================================================================
                                        WARNINGS
                       Please study these warnings very carefully!
================================================================================
Now building the actual basis set


INFO   : the flag for use of LIBINT has been found!

================================================================================
                                       INPUT FILE
================================================================================
NAME = input.inp
|  1> # ======================================================
|  2> #  Orca input file made in Gabedit
|  3> # ======================================================
|  4> ! RIJCOSX B3LYP/G D3BJ def2-tzvp def2-tzvp/JK def2-tzvp/C TIGHTSCF 
|  5> * xyz 0   1
|  6>  H      0.59661661008000    -0.43587109540100    -0.19960405543900
|  7>  H      0.12871335990600     0.94235030570500    -0.67270753003900
|  8>  O      0.57467057289800     0.49352177718200     0.05207632906900
|  9> *
| 10> 
| 11>                          ****END OF INPUT****
================================================================================

                       ****************************
                       * Single Point Calculation *
                       ****************************

---------------------------------
CARTESIAN COORDINATES (ANGSTROEM)
---------------------------------
  H      0.596617   -0.435871   -0.199604
  H      0.128713    0.942350   -0.672708
  O      0.574671    0.493522    0.052076

----------------------------
CARTESIAN COORDINATES (A.U.)
----------------------------
  NO LB      ZA    FRAG    MASS        X           Y           Z
   0 H     1.0000    0     1.008          1.127441999999681         -0.823677000000153         -0.377196999999745
   1 H     1.0000    0     1.008          0.243232999999180          1.780783999999419         -1.271233000000314
   2 O     8.0000    0    15.999          1.085970000000849          0.932621000000086          0.098410000000372

--------------------------------
INTERNAL COORDINATES (ANGSTROEM)
--------------------------------
 H      0   0   0   0.000000     0.000     0.000
 H      1   0   0   1.530443     0.000     0.000
 O      2   1   0   0.962100    37.373     0.000

---------------------------
INTERNAL COORDINATES (A.U.)
---------------------------
 H      0   0   0   0.000000     0.000     0.000
 H      1   0   0   2.892117     0.000     0.000
 O      2   1   0   1.818106    37.373     0.000

---------------------
BASIS SET INFORMATION
---------------------
There are 2 groups of distinct atoms

 Group   1 Type H   : 5s1p contracted to 3s1p pattern {311/1}
 Group   2 Type O   : 11s6p2d1f contracted to 5s3p2d1f pattern {62111/411/11/1}

Atom   0H    basis set group =>   1
Atom   1H    basis set group =>   1
Atom   2O    basis set group =>   2
-------------------------------
AUXILIARY BASIS SET INFORMATION
-------------------------------
There are 2 groups of distinct atoms

 Group   1 Type H   : 4s2p2d contracted to 2s2p2d pattern {31/11/11}
 Group   2 Type O   : 14s10p6d2f1g contracted to 10s8p4d2f1g pattern {5111111111/31111111/3111/11/1}

Atom   0H    basis set group =>   1
Atom   1H    basis set group =>   1
Atom   2O    basis set group =>   2
------------------------------------------------------------------------------
                           ORCA GTO INTEGRAL CALCULATION
                           -- RI-GTO INTEGRALS CHOSEN --
------------------------------------------------------------------------------

                         BASIS SET STATISTICS AND STARTUP INFO

Gaussian basis set:
 # of primitive gaussian shells          ...   32
 # of primitive gaussian functions       ...   62
 # of contracted shells                  ...   19
 # of contracted basis functions         ...   43
 Highest angular momentum                ...    3
 Maximum contraction depth               ...    6
Auxiliary gaussian basis set:
 # of primitive gaussian shells          ...   49
 # of primitive gaussian functions       ...  137
 # of contracted shells                  ...   37
 # of contracted aux-basis functions     ...  113
 Highest angular momentum                ...    4
 Maximum contraction depth               ...    5
Ratio of auxiliary to basis functions    ...  2.63
Integral package used                  ... LIBINT
 One Electron integrals                  ... done
 Ordering auxiliary basis shells         ... done
 Integral threshhold             Thresh  ...  2.500e-11
 Primitive cut-off               TCut    ...  2.500e-12
 Pre-screening matrix                    ... done
 Shell pair data                         ... 
 Ordering of the shell pairs             ... done (   0.000 sec) 190 of 190 pairs
 Determination of significant pairs      ... done (   0.000 sec)
 Creation of shell pair data             ... done (   0.000 sec)
 Storage of shell pair data              ... done (   0.000 sec)
 Shell pair data done in (   0.000 sec)
 Computing two index integrals           ... done
 Cholesky decomposition of the V-matrix  ... done


Timings:
 Total evaluation time                   ...   0.149 sec (  0.002 min)
 One electron matrix time                ...   0.005 sec (  0.000 min) =  3.1%
 Schwartz matrix evaluation time         ...   0.100 sec (  0.002 min) = 66.6%
 Two index repulsion integral time       ...   0.000 sec (  0.000 min) =  0.3%
 Cholesky decomposition of V             ...   0.000 sec (  0.000 min) =  0.3%
 Three index repulsion integral time     ...   0.000 sec (  0.000 min) =  0.0%

-------------------------------------------------------------------------------
                                 ORCA SCF
-------------------------------------------------------------------------------

------------
SCF SETTINGS
------------
Hamiltonian:
 Density Functional     Method          .... DFT(GTOs)
 Exchange Functional    Exchange        .... B88
   X-Alpha parameter    XAlpha          ....  0.666667
   Becke's b parameter  XBeta           ....  0.004200
 Correlation Functional Correlation     .... LYP
 LDA part of GGA corr.  LDAOpt          .... VWN-3
 Gradients option       PostSCFGGA      .... off
 Hybrid DFT is turned on
   Fraction HF Exchange ScalHFX         ....  0.200000
   Scaling of DF-GGA-X  ScalDFX         ....  0.720000
   Scaling of DF-GGA-C  ScalDFC         ....  0.810000
   Scaling of DF-LDA-C  ScalLDAC        ....  1.000000
   Perturbative correction              ....  0.000000
   NL short-range parameter             ....  4.800000
 RI-approximation to the Coulomb term is turned on
   Number of auxiliary basis functions  .... 113
   RIJ-COSX (HFX calculated with COS-X)).... on


General Settings:
 Integral files         IntName         .... input
 Hartree-Fock type      HFTyp           .... RHF
 Total Charge           Charge          ....    0
 Multiplicity           Mult            ....    1
 Number of Electrons    NEL             ....   10
 Basis Dimension        Dim             ....   43
 Nuclear Repulsion      ENuc            ....      9.1414868070 Eh

Convergence Acceleration:
 DIIS                   CNVDIIS         .... on
   Start iteration      DIISMaxIt       ....    12
   Startup error        DIISStart       ....  0.200000
   # of expansion vecs  DIISMaxEq       ....     5
   Bias factor          DIISBfac        ....   1.050
   Max. coefficient     DIISMaxC        ....  10.000
 Newton-Raphson         CNVNR           .... off
 SOSCF                  CNVSOSCF        .... on
   Start iteration      SOSCFMaxIt      ....   150
   Startup grad/error   SOSCFStart      ....  0.003300
 Level Shifting         CNVShift        .... on
   Level shift para.    LevelShift      ....    0.2500
   Turn off err/grad.   ShiftErr        ....    0.0010
 Zerner damping         CNVZerner       .... off
 Static damping         CNVDamp         .... on
   Fraction old density DampFac         ....    0.7000
   Max. Damping (<1)    DampMax         ....    0.9800
   Min. Damping (>=0)   DampMin         ....    0.0000
   Turn off err/grad.   DampErr         ....    0.1000
 Fernandez-Rico         CNVRico         .... off

SCF Procedure:
 Maximum # iterations   MaxIter         ....   125
 SCF integral mode      SCFMode         .... Direct
   Integral package                     .... LIBINT
 Reset frequeny         DirectResetFreq ....    20
 Integral Threshold     Thresh          ....  2.500e-11 Eh
 Primitive CutOff       TCut            ....  2.500e-12 Eh

Convergence Tolerance:
 Convergence Check Mode ConvCheckMode   .... Total+1el-Energy
 Energy Change          TolE            ....  1.000e-08 Eh
 1-El. energy change                    ....  1.000e-05 Eh
 Orbital Gradient       TolG            ....  1.000e-05
 Orbital Rotation angle TolX            ....  1.000e-05
 DIIS Error             TolErr          ....  5.000e-07


Diagonalization of the overlap matrix:
Smallest eigenvalue                        ... 8.501e-03
Time for diagonalization                   ...    0.001 sec
Threshold for overlap eigenvalues          ... 1.000e-08
Number of eigenvalues below threshold      ... 0
Time for construction of square roots      ...    0.000 sec
Total time needed                          ...    0.001 sec

-------------------
DFT GRID GENERATION
-------------------

General Integration Accuracy     IntAcc      ...  4.340
Radial Grid Type                 RadialGrid  ... Gauss-Chebyshev
Angular Grid (max. acc.)         AngularGrid ... Lebedev-110
Angular grid pruning method      GridPruning ... 3 (G Style)
Weight generation scheme         WeightScheme... Becke
Basis function cutoff            BFCut       ...    1.0000e-11
Integration weight cutoff        WCut        ...    1.0000e-14
Grids for H and He will be reduced by one unit

# of grid points (after initial pruning)     ...   3304 (   0.0 sec)
# of grid points (after weights+screening)   ...   3290 (   0.0 sec)
nearest neighbour list constructed           ...    0.0 sec
Grid point re-assignment to atoms done       ...    0.0 sec
Grid point division into batches done        ...    0.0 sec
Reduced shell lists constructed in    0.0 sec

Total number of grid points                  ...     3290
Total number of batches                      ...       53
Average number of points per batch           ...       62
Average number of grid points per atom       ...     1097
Average number of shells per batch           ...    17.33 (91.23%)
Average number of basis functions per batch  ...    40.11 (93.28%)
Average number of large shells per batch     ...    16.39 (94.55%)
Average number of large basis fcns per batch ...    37.98 (94.69%)
Maximum spatial batch extension              ...  17.56, 16.41, 21.59 au
Average spatial batch extension              ...   5.72,  5.11,  5.79 au

Time for grid setup =    0.018 sec

------------------------------
INITIAL GUESS: MODEL POTENTIAL
------------------------------
Loading Hartree-Fock densities                     ... done
Calculating cut-offs                               ... done
Setting up the integral package                    ... done
Initializing the effective Hamiltonian             ... done
Starting the Coulomb interaction                   ... done (   0.0 sec)
Reading the grid                                   ... done
Mapping shells                                     ... done
Starting the XC term evaluation                    ... done (   0.0 sec)
  promolecular density results
     # of electrons  =     10.000836595
     EX              =     -8.781294060
     EC              =     -0.334472250
     EX+EC           =     -9.115766310
Transforming the Hamiltonian                       ... done (   0.0 sec)
Diagonalizing the Hamiltonian                      ... done (   0.0 sec)
Back transforming the eigenvectors                 ... done (   0.0 sec)
Now organizing SCF variables                       ... done
                      ------------------
                      INITIAL GUESS DONE (   0.2 sec)
                      ------------------
--------------------
COSX GRID GENERATION
--------------------

General Integration Accuracy     IntAcc      ...  3.340
Radial Grid Type                 RadialGrid  ... Gauss-Chebyshev
Angular Grid (max. acc.)         AngularGrid ... Lebedev-50
Angular grid pruning method      GridPruning ... 3 (G Style)
Weight generation scheme         WeightScheme... Becke
Basis function cutoff            BFCut       ...    1.0000e-11
Integration weight cutoff        WCut        ...    1.0000e-14
Grids for H and He will be reduced by one unit

# of grid points (after initial pruning)     ...   1220 (   0.0 sec)
# of grid points (after weights+screening)   ...   1214 (   0.0 sec)
nearest neighbour list constructed           ...    0.0 sec
Grid point re-assignment to atoms done       ...    0.0 sec
Grid point division into batches done        ...    0.0 sec
Reduced shell lists constructed in    0.0 sec

Total number of grid points                  ...     1214
Total number of batches                      ...       20
Average number of points per batch           ...       60
Average number of grid points per atom       ...      405
Average number of shells per batch           ...    17.38 (91.48%)
Average number of basis functions per batch  ...    40.24 (93.58%)
Average number of large shells per batch     ...    17.14 (98.63%)
Average number of large basis fcns per batch ...    39.81 (98.93%)
Maximum spatial batch extension              ...  16.21, 13.89, 17.99 au
Average spatial batch extension              ...   8.69,  7.41,  9.04 au

Overlap Fitting                  UseSFitting ... on
Constructing numerical overlap ... done (      0.0 sec)
Inverting numerical overlap    ... done (      0.0 sec)
Obtaining analytic overlap     ... done (      0.0 sec)
Final contraction and storage  ... done (      0.0 sec)


General Integration Accuracy     IntAcc      ...  3.670
Radial Grid Type                 RadialGrid  ... Gauss-Chebyshev
Angular Grid (max. acc.)         AngularGrid ... Lebedev-50
Angular grid pruning method      GridPruning ... 3 (G Style)
Weight generation scheme         WeightScheme... Becke
Basis function cutoff            BFCut       ...    1.0000e-11
Integration weight cutoff        WCut        ...    1.0000e-14
Grids for H and He will be reduced by one unit

# of grid points (after initial pruning)     ...   1602 (   0.0 sec)
# of grid points (after weights+screening)   ...   1594 (   0.0 sec)
nearest neighbour list constructed           ...    0.0 sec
Grid point re-assignment to atoms done       ...    0.0 sec
Grid point division into batches done        ...    0.0 sec
Reduced shell lists constructed in    0.0 sec

Total number of grid points                  ...     1594
Total number of batches                      ...       26
Average number of points per batch           ...       61
Average number of grid points per atom       ...      531
Average number of shells per batch           ...    17.41 (91.62%)
Average number of basis functions per batch  ...    40.52 (94.23%)
Average number of large shells per batch     ...    17.07 (98.09%)
Average number of large basis fcns per batch ...    39.96 (98.63%)
Maximum spatial batch extension              ...  20.50, 15.19, 20.07 au
Average spatial batch extension              ...   7.58,  6.57,  7.43 au

Overlap Fitting                  UseSFitting ... on
Constructing numerical overlap ... done (      0.0 sec)
Inverting numerical overlap    ... done (      0.0 sec)
Obtaining analytic overlap     ... done (      0.0 sec)
Final contraction and storage  ... done (      0.0 sec)


General Integration Accuracy     IntAcc      ...  4.010
Radial Grid Type                 RadialGrid  ... Gauss-Chebyshev
Angular Grid (max. acc.)         AngularGrid ... Lebedev-110
Angular grid pruning method      GridPruning ... 3 (G Style)
Weight generation scheme         WeightScheme... Becke
Basis function cutoff            BFCut       ...    1.0000e-11
Integration weight cutoff        WCut        ...    1.0000e-14
Grids for H and He will be reduced by one unit

# of grid points (after initial pruning)     ...   2758 (   0.0 sec)
# of grid points (after weights+screening)   ...   2747 (   0.0 sec)
nearest neighbour list constructed           ...    0.0 sec
Grid point re-assignment to atoms done       ...    0.0 sec
Grid point division into batches done        ...    0.0 sec
Reduced shell lists constructed in    0.0 sec

Total number of grid points                  ...     2747
Total number of batches                      ...       44
Average number of points per batch           ...       62
Average number of grid points per atom       ...      916
Average number of shells per batch           ...    17.38 (91.46%)
Average number of basis functions per batch  ...    40.36 (93.85%)
Average number of large shells per batch     ...    16.73 (96.29%)
Average number of large basis fcns per batch ...    38.78 (96.09%)
Maximum spatial batch extension              ...  17.95, 16.08, 20.15 au
Average spatial batch extension              ...   6.22,  5.55,  5.93 au

Overlap Fitting                  UseSFitting ... on
Constructing numerical overlap ... done (      0.0 sec)
Inverting numerical overlap    ... done (      0.0 sec)
Obtaining analytic overlap     ... done (      0.0 sec)
Final contraction and storage  ... done (      0.0 sec)

Time for X-Grid setup             =    0.192 sec
--------------
SCF ITERATIONS
--------------
ITER       Energy         Delta-E        Max-DP      RMS-DP      [F,P]     Damp
               ***  Starting incremental Fock matrix formation  ***
  0    -76.3587908128   0.000000000000 0.05420245  0.00401849  0.3439729 0.7000
  1    -76.4112729931  -0.052482180271 0.02997059  0.00233726  0.1338316 0.7000
                               ***Turning on DIIS***
  2    -76.4272910870  -0.016018093944 0.02788293  0.00249688  0.0247698 0.0000
  3    -76.4574742648  -0.030183177778 0.02077464  0.00142975  0.0803750 0.0000
  4    -76.4626958988  -0.005221634024 0.00426088  0.00033103  0.0113668 0.0000
                      *** Initiating the SOSCF procedure ***
                           *** Shutting down DIIS ***
                      *** Re-Reading the Fockian *** 
                      *** Removing any level shift *** 
ITER      Energy       Delta-E        Grad      Rot      Max-DP    RMS-DP
  5    -76.46283660  -0.0001407018  0.000584  0.000584  0.000943  0.000076
               *** Restarting incremental Fock matrix formation ***
  6    -76.46283975  -0.0000031505  0.000241  0.000598  0.000614  0.000042
  7    -76.46284012  -0.0000003696  0.000107  0.000129  0.000119  0.000013
  8    -76.46284013  -0.0000000135  0.000100  0.000101  0.000092  0.000009
  9    -76.46284018  -0.0000000431  0.000003  0.000002  0.000003  0.000000
                 **** Energy Check signals convergence ****
              ***Rediagonalizing the Fockian in SOSCF/NRSCF***

               *****************************************************
               *                     SUCCESS                       *
               *           SCF CONVERGED AFTER  10 CYCLES          *
               *****************************************************

Setting up the final grid:

General Integration Accuracy     IntAcc      ...  4.670
Radial Grid Type                 RadialGrid  ... Gauss-Chebyshev
Angular Grid (max. acc.)         AngularGrid ... Lebedev-302
Angular grid pruning method      GridPruning ... 3 (G Style)
Weight generation scheme         WeightScheme... Becke
Basis function cutoff            BFCut       ...    1.0000e-11
Integration weight cutoff        WCut        ...    1.0000e-14
Grids for H and He will be reduced by one unit

# of grid points (after initial pruning)     ...  13000 (   0.0 sec)
# of grid points (after weights+screening)   ...  12881 (   0.0 sec)
nearest neighbour list constructed           ...    0.0 sec
Grid point re-assignment to atoms done       ...    0.0 sec
Grid point division into batches done        ...    0.1 sec
Reduced shell lists constructed in    0.1 sec

Total number of grid points                  ...    12881
Total number of batches                      ...      203
Average number of points per batch           ...       63
Average number of grid points per atom       ...     4294
Average number of shells per batch           ...    15.79 (83.10%)
Average number of basis functions per batch  ...    35.96 (83.62%)
Average number of large shells per batch     ...    14.79 (93.70%)
Average number of large basis fcns per batch ...    33.78 (93.96%)
Maximum spatial batch extension              ...  25.49, 15.87, 18.23 au
Average spatial batch extension              ...   3.65,  3.33,  3.59 au

Final grid set up in    0.1 sec
Final integration                            ... done (   0.1 sec)
Change in XC energy                          ...    -0.000256981
Integrated number of electrons               ...    10.000003675
Previous integrated no of electrons          ...    10.000399851
Old exchange energy                            =     -1.785965127 Eh
New exchange energy                            =     -1.785884674 Eh
Exchange energy change after final integration =      0.000080452 Eh
Total energy after final integration           =    -76.463016706 Eh
Final COS-X integration done in                =     0.242 sec

----------------
TOTAL SCF ENERGY
----------------

Total Energy       :          -76.46301671 Eh           -2080.66446 eV

Components:
Nuclear Repulsion  :            9.14148681 Eh             248.75250 eV
Electronic Energy  :          -85.60450351 Eh           -2329.41697 eV

One Electron Energy:         -123.01583355 Eh           -3347.43101 eV
Two Electron Energy:           37.41133004 Eh            1018.01405 eV

Virial components:
Potential Energy   :         -152.62967455 Eh           -4153.26459 eV
Kinetic Energy     :           76.16665785 Eh            2072.60013 eV
Virial Ratio       :            2.00389093


DFT components:
N(Alpha)           :        5.000001837561 electrons
N(Beta)            :        5.000001837561 electrons
N(Total)           :       10.000003675122 electrons
E(X)               :       -7.116076750321 Eh       
E(C)               :       -0.438875774731 Eh       
E(XC)              :       -7.554952525052 Eh       

---------------
SCF CONVERGENCE
---------------

  Last Energy change         ...   -8.2892e-11  Tolerance :   1.0000e-08
  Last MAX-Density change    ...    2.7756e-16  Tolerance :   1.0000e-07
  Last RMS-Density change    ...    1.6806e-17  Tolerance :   5.0000e-09
  Last Orbital Gradient      ...    1.1018e-06  Tolerance :   1.0000e-05
  Last Orbital Rotation      ...    5.6239e-07  Tolerance :   1.0000e-05

             **** THE GBW FILE WAS UPDATED (input.gbw) ****
             **** DENSITY FILE WAS UPDATED (input.scfp.tmp) ****
             **** ENERGY FILE WAS UPDATED (input.en.tmp) ****
----------------
ORBITAL ENERGIES
----------------

  NO   OCC          E(Eh)            E(eV) 
   0   2.0000     -19.127515      -520.4861 
   1   2.0000      -1.014147       -27.5964 
   2   2.0000      -0.535656       -14.5759 
   3   2.0000      -0.390466       -10.6251 
   4   2.0000      -0.316415        -8.6101 
   5   0.0000       0.012990         0.3535 
   6   0.0000       0.089670         2.4401 
   7   0.0000       0.355512         9.6740 
   8   0.0000       0.401524        10.9260 
   9   0.0000       0.424070        11.5395 
  10   0.0000       0.433970        11.8089 
  11   0.0000       0.566413        15.4129 
  12   0.0000       0.594536        16.1782 
  13   0.0000       1.165570        31.7168 
  14   0.0000       1.184982        32.2450 
  15   0.0000       1.295061        35.2404 
  16   0.0000       1.519410        41.3452 
  17   0.0000       1.626859        44.2691 
  18   0.0000       1.743714        47.4489 
  19   0.0000       1.974012        53.7156 
  20   0.0000       2.048148        55.7329 
  21   0.0000       2.100908        57.1686 
  22   0.0000       2.275827        61.9284 
  23   0.0000       2.378281        64.7163 
  24   0.0000       2.567798        69.8733 
  25   0.0000       2.598847        70.7182 
  26   0.0000       2.603426        70.8428 
  27   0.0000       2.767701        75.3130 
  28   0.0000       3.623586        98.6028 
  29   0.0000       3.919784       106.6627 
  30   0.0000       5.094882       138.6388 
  31   0.0000       5.194298       141.3440 
  32   0.0000       5.373311       146.2152 
  33   0.0000       5.394761       146.7989 
  34   0.0000       5.463073       148.6578 
  35   0.0000       6.011583       163.5835 
  36   0.0000       6.202384       168.7754 
  37   0.0000       6.295043       171.2968 
  38   0.0000       6.361743       173.1118 
  39   0.0000       6.407940       174.3689 
  40   0.0000       6.900341       187.7678 
  41   0.0000       6.976781       189.8479 
  42   0.0000      43.220169      1176.0806 

                    ********************************
                    * MULLIKEN POPULATION ANALYSIS *
                    ********************************

-----------------------
MULLIKEN ATOMIC CHARGES
-----------------------
   0 H :    0.318157
   1 H :    0.317991
   2 O :   -0.636148
Sum of atomic charges:   -0.0000000

--------------------------------
MULLIKEN REDUCED ORBITAL CHARGES
--------------------------------
  0 H s       :     0.633970  s :     0.633970
      pz      :     0.013282  p :     0.047873
      px      :     0.015618
      py      :     0.018973
  1 H s       :     0.634165  s :     0.634165
      pz      :     0.017454  p :     0.047844
      px      :     0.017520
      py      :     0.012870
  2 O s       :     3.807789  s :     3.807789
      pz      :     1.631278  p :     4.806409
      px      :     1.848104
      py      :     1.327026
      dz2     :     0.004379  d :     0.020612
      dxz     :     0.005258
      dyz     :     0.005654
      dx2y2   :     0.004389
      dxy     :     0.000932
      f0      :     0.000044  f :     0.001339
      f+1     :     0.000226
      f-1     :     0.000151
      f+2     :     0.000150
      f-2     :     0.000252
      f+3     :     0.000110
      f-3     :     0.000405


                     *******************************
                     * LOEWDIN POPULATION ANALYSIS *
                     *******************************

----------------------
LOEWDIN ATOMIC CHARGES
----------------------
   0 H :    0.156129
   1 H :    0.155539
   2 O :   -0.311669

-------------------------------
LOEWDIN REDUCED ORBITAL CHARGES
-------------------------------
  0 H s       :     0.684315  s :     0.684315
      pz      :     0.040260  p :     0.159556
      px      :     0.043176
      py      :     0.076120
  1 H s       :     0.684444  s :     0.684444
      pz      :     0.068095  p :     0.160017
      px      :     0.055265
      py      :     0.036657
  2 O s       :     3.462441  s :     3.462441
      pz      :     1.645910  p :     4.814501
      px      :     1.809499
      py      :     1.359091
      dz2     :     0.005542  d :     0.032221
      dxz     :     0.006600
      dyz     :     0.009755
      dx2y2   :     0.008745
      dxy     :     0.001579
      f0      :     0.000147  f :     0.002505
      f+1     :     0.000383
      f-1     :     0.000438
      f+2     :     0.000291
      f-2     :     0.000528
      f+3     :     0.000051
      f-3     :     0.000668


                      *****************************
                      * MAYER POPULATION ANALYSIS *
                      *****************************

  NA   - Mulliken gross atomic population
  ZA   - Total nuclear charge
  QA   - Mulliken gross atomic charge
  VA   - Mayer's total valence
  BVA  - Mayer's bonded valence
  FA   - Mayer's free valence

  ATOM       NA         ZA         QA         VA         BVA        FA
  0 H      0.6818     1.0000     0.3182     0.9147     0.9147    -0.0000
  1 H      0.6820     1.0000     0.3180     0.9147     0.9147     0.0000
  2 O      8.6361     8.0000    -0.6361     1.8184     1.8184     0.0000

  Mayer bond orders larger than 0.1
B(  0-H ,  2-O ) :   0.9092 B(  1-H ,  2-O ) :   0.9092 

-------
TIMINGS
-------

Total SCF time: 0 days 0 hours 0 min 4 sec 

Total time                  ....       4.083 sec
Sum of individual times     ....       3.900 sec  ( 95.5%)

Fock matrix formation       ....       3.404 sec  ( 83.4%)
  Coulomb formation         ....       3.049 sec  ( 89.6% of F)
  Split-RI-J                ....       1.405 sec  ( 41.3% of F)
  Chain of spheres X        ....       1.879 sec  ( 55.2% of F)
  COS-X 1 center corr.      ....       0.000 sec  (  0.0% of F)
  XC integration            ....       0.354 sec  ( 10.4% of F)
    Basis function eval.    ....       0.131 sec  ( 37.0% of XC)
    Density eval.           ....       0.054 sec  ( 15.3% of XC)
    XC-Functional eval.     ....       0.077 sec  ( 21.7% of XC)
    XC-Potential eval.      ....       0.078 sec  ( 22.2% of XC)
Diagonalization             ....       0.004 sec  (  0.1%)
Density matrix formation    ....       0.000 sec  (  0.0%)
Population analysis         ....       0.001 sec  (  0.0%)
Initial guess               ....       0.171 sec  (  4.2%)
Orbital Transformation      ....       0.000 sec  (  0.0%)
Orbital Orthonormalization  ....       0.000 sec  (  0.0%)
DIIS solution               ....       0.001 sec  (  0.0%)
SOSCF solution              ....       0.003 sec  (  0.1%)
Grid generation             ....       0.314 sec  (  7.7%)


-------------------------------------------------------------------------------
                          DFT DISPERSION CORRECTION                            
                                                                               
                                DFTD3 V2.1  Rev 6                               
                          USING Becke-Johnson damping                          
-------------------------------------------------------------------------------
Gaussians B3LYP functional is recognized, using normal B3LYP params
Active option DFTDOPT                   ...         4   

molecular C6(AA) [au] = 44.533874 


            DFT-D V3
 parameters
 s6 scaling factor         :     1.0000 
 a1 scaling factor         :     0.3981 
 s8 scaling factor         :     1.9889 
 a2 scaling factor         :     4.4211 
 ad hoc parameters k1-k3   :    16.0000     1.3333    -4.0000 

 Edisp/kcal,au: -0.360081153749  -0.000573825783 
 E6   /kcal   :  -0.196904483 
 E8   /kcal   :  -0.163176671 
 % E8         :  45.316637449 

-------------------------   ----------------
Dispersion correction           -0.000573826
-------------------------   ----------------


-------------------------   --------------------
FINAL SINGLE POINT ENERGY       -76.463590532143
-------------------------   --------------------


                            ***************************************
                            *     ORCA property calculations      *
                            ***************************************

                                    ---------------------
                                    Active property flags
                                    ---------------------
   (+) Dipole Moment


------------------------------------------------------------------------------
                       ORCA ELECTRIC PROPERTIES CALCULATION
------------------------------------------------------------------------------

Dipole Moment Calculation                       ... on
Quadrupole Moment Calculation                   ... off
Polarizability Calculation                      ... off
GBWName                                         ... input.gbw
Electron density file                           ... input.scfp.tmp

-------------
DIPOLE MOMENT
-------------
                                X             Y             Z
Electronic contribution:      0.06096       0.06699       0.13247
Nuclear contribution   :     -0.35293      -0.40000      -0.81277
                        -----------------------------------------
Total Dipole Moment    :     -0.29197      -0.33301      -0.68030
                        -----------------------------------------
Magnitude (a.u.)       :      0.81176
Magnitude (Debye)      :      2.06332


Timings for individual modules:

Sum of individual times         ...        4.439 sec (=   0.074 min)
GTO integral calculation        ...        0.169 sec (=   0.003 min)   3.8 %
SCF iterations                  ...        4.270 sec (=   0.071 min)  96.2 %
                             ****ORCA TERMINATED NORMALLY****
TOTAL RUN TIME: 0 days 0 hours 0 minutes 4 seconds 643 msec
