 *******************************************************************************
 ** Site#: 1079         For non-commercial use only    Version 17.163L 64BITS **
 *******************************************************************************
 ** Cite this program as: MOPAC2016, Version: 17.163L, James J. P. Stewart,   **
 ** Stewart Computational Chemistry, web: HTTP://OpenMOPAC.net. Days left:  11**
 *******************************************************************************
 **                                                                           **
 **                                MOPAC2016                                  **
 **                                                                           **
 *******************************************************************************

                          PM6-DH+ CALCULATION RESULTS


 *******************************************************************************
 *  CALCULATION DONE:                                Fri Jun  1 15:04:27 2018  *
 *  PM6-DH+    - CORRECT DISPERSION AND HYDROGEN BOND TERMS USING PM6-DH+
 *  DOUBLET    - SPIN STATE DEFINED AS A DOUBLET
 *  UHF        - UNRESTRICTED HARTREE-FOCK CALCULATION
 *
 *
 *
 *                 CHARGE ON SYSTEM =    +2
 *
 *
 *
 *  1SCF       - DO 1 SCF AND THEN STOP 
 *  T=         - A TIME OF 172800.0 SECONDS REQUESTED
 *  DUMP=N     - RESTART FILE WRITTEN EVERY  7200.000 SECONDS
 *******************************************************************************
PM6-DH+ 1SCF UHF CHARGE=2 Doublet

 Mopac file generated by Gabedit
   ATOM   CHEMICAL          X               Y               Z
  NUMBER   SYMBOL      (ANGSTROMS)     (ANGSTROMS)     (ANGSTROMS)
 
     1       C          0.04767600  *  -4.14878100  *   1.89373100  *
     2       C         -4.14874500  *  -0.04748300  *   1.89385200  *
     3       C         -0.04763300  *   4.14802400  *   1.89431300  *
     4       C          4.14920300  *   0.04750600  *   1.89355800  *
     5       C         -1.16757500  *  -3.76814000  *   1.32225600  *
     6       C         -3.77292100  *  -1.25352800  *   1.30032600  *
     7       C         -3.76813900  *   1.16768200  *   1.32215600  *
     8       C         -1.25365200  *   3.77243500  *   1.30055100  *
     9       C          1.16759100  *   3.76749600  *   1.32268600  *
    10       C          3.77332100  *   1.25355300  *   1.30003000  *
    11       C          3.76842000  *  -1.16769200  *   1.32204300  *
    12       C          1.25361600  *  -3.77291400  *   1.30002400  *
    13       C         -2.54736800  *  -2.60505500  *  -0.46095700  *
    14       C         -2.60503000  *   2.54724700  *  -0.46120400  *
    15       C          2.54728000  *   2.60499100  *  -0.46108100  *
    16       C          2.60496200  *  -2.54717500  *  -0.46125500  *
    17       C         -1.20885400  *  -3.03435200  *   0.13308700  *
    18       C         -3.02624900  *  -1.27451200  *   0.11855500  *
    19       C         -3.03442700  *   1.20879400  *   0.13295100  *
    20       C         -1.27453500  *   3.02605800  *   0.11858100  *
    21       C          1.20880100  *   3.03417100  *   0.13322800  *
    22       C          3.02640100  *   1.27450200  *   0.11842500  *
    23       C          3.03451600  *  -1.20882000  *   0.13295200  *
    24       C          1.27441600  *  -3.02603600  *   0.11835500  *
    25       C          0.02724500  *  -2.70878700  *  -0.44898300  *
    26       C         -2.70894800  *  -0.02744500  *  -0.44905900  *
    27       C         -0.02739700  *   2.70892100  *  -0.44886400  *
    28       C          2.70903100  *   0.02736400  *  -0.44905300  *
    29       H          0.05476900  *  -4.74317500  *   2.80170300  *
    30       H         -4.74304900  *  -0.05443400  *   2.80188400  *
    31       H         -0.05464700  *   4.74208900  *   2.80250300  *
    32       H          4.74366800  *   0.05449100  *   2.80148500  *
    33       H         -2.09883800  *  -4.06840200  *   1.79321400  *
    34       H         -3.29312200  *  -3.36889700  *  -0.22357600  *
    35       H         -4.07004500  *  -2.19247100  *   1.75787100  *
    36       H         -4.06839600  *   2.09899500  *   1.79301700  *
    37       H         -3.36882200  *   3.29314300  *  -0.22410300  *
    38       H         -2.19263800  *   4.06947600  *   1.75805200  *
    39       H          2.09887400  *   4.06753100  *   1.79374700  *
    40       H          3.29299300  *   3.36895500  *  -0.22395300  *
    41       H          4.07057800  *   2.19250700  *   1.75746700  *
    42       H          4.06867300  *  -2.09899600  *   1.79292500  *
    43       H          3.36870100  *  -3.29311800  *  -0.22414000  *
    44       H          2.19264500  *  -4.07012800  *   1.75732900  *
    45       H         -2.48445700  *  -2.59164600  *  -1.55527400  *
    46       H         -2.59132100  *   2.48405800  *  -1.55548400  *
    47       H          2.48408100  *   2.59140500  *  -1.55536500  *
    48       H          2.59138600  *  -2.48396700  *  -1.55554600  *
    49       H         -2.35623500  *  -0.72065200  *  -2.25356000  *
    50       H         -0.71985400  *   2.35705900  *  -2.25394800  *
    51       H          2.35661200  *   0.71991600  *  -2.25379400  *
    52       H          0.71950200  *  -2.35626100  *  -2.25391700  *
    53       O         -0.01399800  *  -2.03151400  *  -1.69805600  *
    54       O         -2.03205400  *   0.01350700  *  -1.69823500  *
    55       O          0.01355700  *   2.03200400  *  -1.69813200  *
    56       O          2.03188400  *  -0.01370300  *  -1.69807800  *
    57      Cu          0.52462000  *   0.91409200  *   0.77776000  *
 


          CARTESIAN COORDINATES 

    NO.       ATOM         X         Y         Z

     1         C        0.0477   -4.1488    1.8937
     2         C       -4.1487   -0.0475    1.8939
     3         C       -0.0476    4.1480    1.8943
     4         C        4.1492    0.0475    1.8936
     5         C       -1.1676   -3.7681    1.3223
     6         C       -3.7729   -1.2535    1.3003
     7         C       -3.7681    1.1677    1.3222
     8         C       -1.2537    3.7724    1.3006
     9         C        1.1676    3.7675    1.3227
    10         C        3.7733    1.2536    1.3000
    11         C        3.7684   -1.1677    1.3220
    12         C        1.2536   -3.7729    1.3000
    13         C       -2.5474   -2.6051   -0.4610
    14         C       -2.6050    2.5472   -0.4612
    15         C        2.5473    2.6050   -0.4611
    16         C        2.6050   -2.5472   -0.4613
    17         C       -1.2089   -3.0344    0.1331
    18         C       -3.0262   -1.2745    0.1186
    19         C       -3.0344    1.2088    0.1330
    20         C       -1.2745    3.0261    0.1186
    21         C        1.2088    3.0342    0.1332
    22         C        3.0264    1.2745    0.1184
    23         C        3.0345   -1.2088    0.1330
    24         C        1.2744   -3.0260    0.1184
    25         C        0.0272   -2.7088   -0.4490
    26         C       -2.7089   -0.0274   -0.4491
    27         C       -0.0274    2.7089   -0.4489
    28         C        2.7090    0.0274   -0.4491
    29         H        0.0548   -4.7432    2.8017
    30         H       -4.7430   -0.0544    2.8019
    31         H       -0.0546    4.7421    2.8025
    32         H        4.7437    0.0545    2.8015
    33         H       -2.0988   -4.0684    1.7932
    34         H       -3.2931   -3.3689   -0.2236
    35         H       -4.0700   -2.1925    1.7579
    36         H       -4.0684    2.0990    1.7930
    37         H       -3.3688    3.2931   -0.2241
    38         H       -2.1926    4.0695    1.7581
    39         H        2.0989    4.0675    1.7937
    40         H        3.2930    3.3690   -0.2240
    41         H        4.0706    2.1925    1.7575
    42         H        4.0687   -2.0990    1.7929
    43         H        3.3687   -3.2931   -0.2241
    44         H        2.1926   -4.0701    1.7573
    45         H       -2.4845   -2.5916   -1.5553
    46         H       -2.5913    2.4841   -1.5555
    47         H        2.4841    2.5914   -1.5554
    48         H        2.5914   -2.4840   -1.5555
    49         H       -2.3562   -0.7207   -2.2536
    50         H       -0.7199    2.3571   -2.2539
    51         H        2.3566    0.7199   -2.2538
    52         H        0.7195   -2.3563   -2.2539
    53         O       -0.0140   -2.0315   -1.6981
    54         O       -2.0321    0.0135   -1.6982
    55         O        0.0136    2.0320   -1.6981
    56         O        2.0319   -0.0137   -1.6981
    57        Cu        0.5246    0.9141    0.7778

 General Reference for PM6:
 "Optimization of Parameters for Semiempirical Methods V: Modification of NDDO Approximations
 and Application to 70 Elements", J. J. P. Stewart, J. Mol. Mod., 13, 1173-1213 (2007)
 URL: http://www.springerlink.com/content/ar33482301010477/fulltext.pdf

 Reference for PM6-DH+:
 "Third-Generation Hydrogen-Bonding Corrections for Semiempirical QM Methods and Force Fields"
 Martin Korth, J. Chem. Theory Comput., 6 (12), pp 3808-3816 (2010)
 URL: http://pubs.acs.org/doi/abs/10.1021/ct100408b

           Empirical Formula: C28 H24 O4 Cu  =    57 atoms



      MOLECULAR POINT GROUP   :   C1  


 DOUBLET STATE CALCULATION


          UHF CALCULATION, NO. OF ALPHA ELECTRONS =   85
                           NO. OF BETA  ELECTRONS =   84



          *********************************************
          *                                           *
          *                 WARNING                   *
          *                                           *
          *********************************************

          Dispersion parameters missing for Copper

          *********************************************
          *                                           *
          *              END OF WARNING               *
          *                                           *
          *********************************************


 -------------------------------------------------------------------------------
PM6-DH+ 1SCF UHF CHARGE=2 Doublet

 Mopac file generated by Gabedit


     1SCF WAS SPECIFIED, SO BFGS WAS NOT USED                 
     SCF FIELD WAS ACHIEVED                                   


                              PM6-DH+ CALCULATION
                                                       MOPAC2016 (Version: 17.163L)
                                                       Fri Jun  1 15:04:27 2018
                                                       No. of days remaining =  11




          FINAL HEAT OF FORMATION =        376.27809 KCAL/MOL =    1574.34751 KJ/MOL


          TOTAL ENERGY            =      -5559.27462 EV
          ELECTRONIC ENERGY       =     -53965.28376 EV  POINT GROUP:     C1  
          CORE-CORE REPULSION     =      48406.00914 EV
          COSMO AREA              =        375.85 SQUARE ANGSTROMS
          COSMO VOLUME            =        525.04 CUBIC ANGSTROMS

          IONIZATION POTENTIAL    =         14.763332 EV
          ALPHA SOMO LUMO (EV)    =        -14.773 -7.925
          BETA  SOMO LUMO (EV)    =        -14.763-10.205
          NO. OF ALPHA ELECTRONS  =         85
          NO. OF BETA  ELECTRONS  =         84
          MOLECULAR WEIGHT        =        488.0412

          MOLECULAR DIMENSIONS (Angstroms)

            Atom       Atom       Distance
            H    32    H    30     9.48734
            H    29    H    31     9.48590
            H    29    H    50     5.05628


          SCF CALCULATIONS        =          1
 
          WALL-CLOCK TIME         =          0.477 SECONDS
          COMPUTATION TIME        =          0.476 SECONDS




   ATOM   CHEMICAL          X               Y               Z
  NUMBER   SYMBOL      (ANGSTROMS)     (ANGSTROMS)     (ANGSTROMS)
 
     1       C          0.04767600  *  -4.14878100  *   1.89373100  *
     2       C         -4.14874500  *  -0.04748300  *   1.89385200  *
     3       C         -0.04763300  *   4.14802400  *   1.89431300  *
     4       C          4.14920300  *   0.04750600  *   1.89355800  *
     5       C         -1.16757500  *  -3.76814000  *   1.32225600  *
     6       C         -3.77292100  *  -1.25352800  *   1.30032600  *
     7       C         -3.76813900  *   1.16768200  *   1.32215600  *
     8       C         -1.25365200  *   3.77243500  *   1.30055100  *
     9       C          1.16759100  *   3.76749600  *   1.32268600  *
    10       C          3.77332100  *   1.25355300  *   1.30003000  *
    11       C          3.76842000  *  -1.16769200  *   1.32204300  *
    12       C          1.25361600  *  -3.77291400  *   1.30002400  *
    13       C         -2.54736800  *  -2.60505500  *  -0.46095700  *
    14       C         -2.60503000  *   2.54724700  *  -0.46120400  *
    15       C          2.54728000  *   2.60499100  *  -0.46108100  *
    16       C          2.60496200  *  -2.54717500  *  -0.46125500  *
    17       C         -1.20885400  *  -3.03435200  *   0.13308700  *
    18       C         -3.02624900  *  -1.27451200  *   0.11855500  *
    19       C         -3.03442700  *   1.20879400  *   0.13295100  *
    20       C         -1.27453500  *   3.02605800  *   0.11858100  *
    21       C          1.20880100  *   3.03417100  *   0.13322800  *
    22       C          3.02640100  *   1.27450200  *   0.11842500  *
    23       C          3.03451600  *  -1.20882000  *   0.13295200  *
    24       C          1.27441600  *  -3.02603600  *   0.11835500  *
    25       C          0.02724500  *  -2.70878700  *  -0.44898300  *
    26       C         -2.70894800  *  -0.02744500  *  -0.44905900  *
    27       C         -0.02739700  *   2.70892100  *  -0.44886400  *
    28       C          2.70903100  *   0.02736400  *  -0.44905300  *
    29       H          0.05476900  *  -4.74317500  *   2.80170300  *
    30       H         -4.74304900  *  -0.05443400  *   2.80188400  *
    31       H         -0.05464700  *   4.74208900  *   2.80250300  *
    32       H          4.74366800  *   0.05449100  *   2.80148500  *
    33       H         -2.09883800  *  -4.06840200  *   1.79321400  *
    34       H         -3.29312200  *  -3.36889700  *  -0.22357600  *
    35       H         -4.07004500  *  -2.19247100  *   1.75787100  *
    36       H         -4.06839600  *   2.09899500  *   1.79301700  *
    37       H         -3.36882200  *   3.29314300  *  -0.22410300  *
    38       H         -2.19263800  *   4.06947600  *   1.75805200  *
    39       H          2.09887400  *   4.06753100  *   1.79374700  *
    40       H          3.29299300  *   3.36895500  *  -0.22395300  *
    41       H          4.07057800  *   2.19250700  *   1.75746700  *
    42       H          4.06867300  *  -2.09899600  *   1.79292500  *
    43       H          3.36870100  *  -3.29311800  *  -0.22414000  *
    44       H          2.19264500  *  -4.07012800  *   1.75732900  *
    45       H         -2.48445700  *  -2.59164600  *  -1.55527400  *
    46       H         -2.59132100  *   2.48405800  *  -1.55548400  *
    47       H          2.48408100  *   2.59140500  *  -1.55536500  *
    48       H          2.59138600  *  -2.48396700  *  -1.55554600  *
    49       H         -2.35623500  *  -0.72065200  *  -2.25356000  *
    50       H         -0.71985400  *   2.35705900  *  -2.25394800  *
    51       H          2.35661200  *   0.71991600  *  -2.25379400  *
    52       H          0.71950200  *  -2.35626100  *  -2.25391700  *
    53       O         -0.01399800  *  -2.03151400  *  -1.69805600  *
    54       O         -2.03205400  *   0.01350700  *  -1.69823500  *
    55       O          0.01355700  *   2.03200400  *  -1.69813200  *
    56       O          2.03188400  *  -0.01370300  *  -1.69807800  *
    57      Cu          0.52462000  *   0.91409200  *   0.77776000  *

                             CARTESIAN COORDINATES

   1    C        0.047676000    -4.148781000     1.893731000
   2    C       -4.148745000    -0.047483000     1.893852000
   3    C       -0.047633000     4.148024000     1.894313000
   4    C        4.149203000     0.047506000     1.893558000
   5    C       -1.167575000    -3.768140000     1.322256000
   6    C       -3.772921000    -1.253528000     1.300326000
   7    C       -3.768139000     1.167682000     1.322156000
   8    C       -1.253652000     3.772435000     1.300551000
   9    C        1.167591000     3.767496000     1.322686000
  10    C        3.773321000     1.253553000     1.300030000
  11    C        3.768420000    -1.167692000     1.322043000
  12    C        1.253616000    -3.772914000     1.300024000
  13    C       -2.547368000    -2.605055000    -0.460957000
  14    C       -2.605030000     2.547247000    -0.461204000
  15    C        2.547280000     2.604991000    -0.461081000
  16    C        2.604962000    -2.547175000    -0.461255000
  17    C       -1.208854000    -3.034352000     0.133087000
  18    C       -3.026249000    -1.274512000     0.118555000
  19    C       -3.034427000     1.208794000     0.132951000
  20    C       -1.274535000     3.026058000     0.118581000
  21    C        1.208801000     3.034171000     0.133228000
  22    C        3.026401000     1.274502000     0.118425000
  23    C        3.034516000    -1.208820000     0.132952000
  24    C        1.274416000    -3.026036000     0.118355000
  25    C        0.027245000    -2.708787000    -0.448983000
  26    C       -2.708948000    -0.027445000    -0.449059000
  27    C       -0.027397000     2.708921000    -0.448864000
  28    C        2.709031000     0.027364000    -0.449053000
  29    H        0.054769000    -4.743175000     2.801703000
  30    H       -4.743049000    -0.054434000     2.801884000
  31    H       -0.054647000     4.742089000     2.802503000
  32    H        4.743668000     0.054491000     2.801485000
  33    H       -2.098838000    -4.068402000     1.793214000
  34    H       -3.293122000    -3.368897000    -0.223576000
  35    H       -4.070045000    -2.192471000     1.757871000
  36    H       -4.068396000     2.098995000     1.793017000
  37    H       -3.368822000     3.293143000    -0.224103000
  38    H       -2.192638000     4.069476000     1.758052000
  39    H        2.098874000     4.067531000     1.793747000
  40    H        3.292993000     3.368955000    -0.223953000
  41    H        4.070578000     2.192507000     1.757467000
  42    H        4.068673000    -2.098996000     1.792925000
  43    H        3.368701000    -3.293118000    -0.224140000
  44    H        2.192645000    -4.070128000     1.757329000
  45    H       -2.484457000    -2.591646000    -1.555274000
  46    H       -2.591321000     2.484058000    -1.555484000
  47    H        2.484081000     2.591405000    -1.555365000
  48    H        2.591386000    -2.483967000    -1.555546000
  49    H       -2.356235000    -0.720652000    -2.253560000
  50    H       -0.719854000     2.357059000    -2.253948000
  51    H        2.356612000     0.719916000    -2.253794000
  52    H        0.719502000    -2.356261000    -2.253917000
  53    O       -0.013998000    -2.031514000    -1.698056000
  54    O       -2.032054000     0.013507000    -1.698235000
  55    O        0.013557000     2.032004000    -1.698132000
  56    O        2.031884000    -0.013703000    -1.698078000
  57   Cu        0.524620000     0.914092000     0.777760000


           Empirical Formula: C28 H24 O4 Cu  =    57 atoms



      MOLECULAR POINT GROUP   :   C1  


          ALPHA EIGENVALUES  
 -39.17848 -37.86477 -37.63736 -36.71209 -36.25360 -36.04480 -35.98196 -35.43297
 -35.21301 -34.27426 -34.09995 -33.35799 -32.55489 -32.15563 -31.81736 -31.52746
 -31.00657 -30.48807 -30.10433 -29.75010 -28.78915 -28.22701 -27.57216 -27.47938
 -26.95124 -26.52737 -26.43772 -25.89183 -25.77308 -24.48351 -24.32892 -24.17905
 -23.91566 -23.30958 -23.14824 -22.96046 -22.57189 -22.40249 -22.25497 -22.05502
 -21.84238 -21.81056 -21.60046 -21.50688 -21.35727 -21.18405 -20.86148 -20.70270
 -20.64754 -20.49079 -20.32618 -20.32305 -20.05979 -19.85186 -19.72215 -19.70448
 -19.63999 -19.50240 -19.40361 -19.29412 -19.15070 -18.94156 -18.78545 -18.69788
 -18.65372 -18.58342 -18.52441 -18.49036 -18.39024 -18.30522 -18.23424 -18.12567
 -18.00333 -17.82118 -17.70443 -17.59453 -17.34330 -17.23307 -16.95237 -16.03119
 -15.79112 -15.52114 -15.36530 -15.19614 -14.77272  -7.92472  -7.29081  -6.71071
  -6.24886  -6.14681  -6.08014  -5.85437  -5.73880  -5.58948  -5.38577  -5.21142
  -4.16827  -4.04441  -3.98382  -3.95805  -3.74398  -3.70731  -3.42890  -3.32673
  -3.21708  -3.01993  -2.95190  -2.87454  -2.82864  -2.78912  -2.75899  -2.61555
  -2.51886  -2.48558  -2.23156  -2.12102  -2.09472  -2.07291  -1.98414  -1.81489
  -1.77713  -1.57833  -1.46711  -1.43463  -1.40805  -1.34170  -1.18455  -1.15701
  -1.12143  -1.09737  -0.98150  -0.91587  -0.90380  -0.76446  -0.74840  -0.71834
  -0.69169  -0.61506  -0.59509  -0.52427  -0.35277  -0.25009  -0.19885  -0.19178
  -0.01672  -0.00281   0.08369   0.11650   0.17828   0.20131   0.33223   0.41137
   0.47295   0.49988   0.51101   0.73244   0.83082   0.98816 117.20835 117.33393
 117.36623


           BETA EIGENVALUES 
 -38.40165 -37.63797 -37.56084 -36.71118 -36.25135 -36.04869 -35.98372 -35.43558
 -35.17744 -34.23973 -34.02426 -33.21448 -32.51330 -32.13508 -31.81696 -31.51867
 -30.99281 -30.47600 -30.09512 -29.74675 -28.66380 -28.13972 -27.56027 -27.47092
 -26.94161 -26.49366 -26.41741 -25.88208 -25.57217 -24.48487 -24.32494 -24.11590
 -23.82532 -23.11803 -22.94616 -22.74618 -22.55974 -22.31354 -22.19329 -22.02547
 -21.82680 -21.62628 -21.54853 -21.35957 -21.24912 -21.08774 -20.85019 -20.64340
 -20.50662 -20.35730 -20.31123 -20.20225 -19.90149 -19.79725 -19.66608 -19.61593
 -19.59080 -19.38843 -19.28517 -19.14029 -18.94032 -18.78641 -18.69442 -18.65348
 -18.58253 -18.52932 -18.52464 -18.49310 -18.38478 -18.28984 -18.23248 -18.11913
 -17.97431 -17.81038 -17.70105 -17.59299 -17.30026 -17.07591 -16.02398 -15.78929
 -15.51889 -15.35228 -15.19056 -14.76333 -10.20499  -6.96203  -6.81798  -6.68167
  -6.25147  -6.14612  -6.07549  -5.75802  -5.59140  -5.44556  -5.38437  -4.93758
  -4.12048  -4.03621  -3.97033  -3.90834  -3.73946  -3.68407  -3.42968  -3.27746
  -3.15202  -2.98679  -2.93167  -2.84946  -2.79652  -2.76525  -2.74724  -2.61154
  -2.47972  -2.45357  -2.18333  -2.11552  -2.08689  -1.98183  -1.91903  -1.79794
  -1.77319  -1.57812  -1.46296  -1.43452  -1.40482  -1.34058  -1.18351  -1.15302
  -1.12115  -1.05053  -0.97904  -0.91127  -0.89182  -0.78293  -0.75574  -0.72111
  -0.69235  -0.61351  -0.59286  -0.52516  -0.35303  -0.24836  -0.19626  -0.19078
  -0.01725  -0.00452   0.08271   0.11872   0.17865   0.19978   0.33176   0.41169
   0.47595   0.50068   0.50951   0.73013   0.83142   0.99153 117.21528 117.32575
 117.36083


              NET ATOMIC CHARGES AND DIPOLE CONTRIBUTIONS

  ATOM NO.   TYPE          CHARGE      No. of ELECS.   s-Pop       p-Pop       d-Pop       
    1          C           0.060391        3.9396     1.12886     2.81075
    2          C          -0.161522        4.1615     1.10815     3.05337
    3          C          -0.124170        4.1242     1.11268     3.01149
    4          C          -0.152544        4.1525     1.11075     3.04180
    5          C          -0.200772        4.2008     1.12037     3.08040
    6          C          -0.092633        4.0926     1.10830     2.98434
    7          C          -0.097434        4.0974     1.11227     2.98517
    8          C          -0.117586        4.1176     1.11523     3.00235
    9          C          -0.154996        4.1550     1.11505     3.03995
   10          C          -0.093266        4.0933     1.11403     2.97923
   11          C          -0.101269        4.1013     1.11227     2.98900
   12          C          -0.168873        4.1689     1.12027     3.04860
   13          C          -0.262725        4.2627     1.08385     3.17888
   14          C          -0.245171        4.2452     1.08021     3.16496
   15          C          -0.259314        4.2593     1.08198     3.17733
   16          C          -0.260251        4.2603     1.08292     3.17733
   17          C           0.084143        3.9159     1.11900     2.79685
   18          C          -0.142278        4.1423     1.09140     3.05088
   19          C          -0.078553        4.0786     1.09451     2.98404
   20          C          -0.077170        4.0772     1.11116     2.96601
   21          C          -0.038620        4.0386     1.10503     2.93359
   22          C          -0.127736        4.1277     1.10675     3.02099
   23          C          -0.089101        4.0891     1.09100     2.99810
   24          C          -0.004654        4.0047     1.12001     2.88465
   25          C           0.249818        3.7502     1.13109     2.61909
   26          C           0.225290        3.7747     1.09483     2.67988
   27          C           0.206072        3.7939     1.09874     2.69519
   28          C           0.214685        3.7853     1.09716     2.68815
   29          H           0.197445        0.8026     0.80255
   30          H           0.182674        0.8173     0.81733
   31          H           0.190098        0.8099     0.80990
   32          H           0.189554        0.8104     0.81045
   33          H           0.213507        0.7865     0.78649
   34          H           0.193344        0.8067     0.80666
   35          H           0.162524        0.8375     0.83748
   36          H           0.170659        0.8293     0.82934
   37          H           0.182821        0.8172     0.81718
   38          H           0.184835        0.8152     0.81517
   39          H           0.185074        0.8149     0.81493
   40          H           0.190895        0.8091     0.80910
   41          H           0.177469        0.8225     0.82253
   42          H           0.171999        0.8280     0.82800
   43          H           0.195212        0.8048     0.80479
   44          H           0.207408        0.7926     0.79259
   45          H           0.176257        0.8237     0.82374
   46          H           0.175142        0.8249     0.82486
   47          H           0.182350        0.8177     0.81765
   48          H           0.181166        0.8188     0.81883
   49          H           0.330167        0.6698     0.66983
   50          H           0.347067        0.6529     0.65293
   51          H           0.347562        0.6524     0.65244
   52          H           0.342561        0.6574     0.65744
   53          O          -0.236710        6.2367     1.83704     4.39967
   54          O          -0.495628        6.4956     1.82050     4.67513
   55          O          -0.482151        6.4822     1.82281     4.65934
   56          O          -0.497926        6.4979     1.82034     4.67759
   57         Cu           0.644867       10.3551     0.38236     0.00020     9.97257
 DIPOLE           X         Y         Z       TOTAL
 POINT-CHG.     1.448    -6.784     5.695     8.975
 HYBRID         0.163    -0.365    -2.336     2.370
 SUM            1.611    -7.149     3.359     8.061


          ATOMIC ORBITAL ELECTRON POPULATIONS

     Atom    s        px        py        pz      x^2-y^2     xz        z^2       yz        xy
    1  C   1.12886   0.94802   0.86063   1.00209
    2  C   1.10815   1.02419   0.96111   1.06806
    3  C   1.11268   0.95426   0.99716   1.06007
    4  C   1.11075   1.01555   0.95812   1.06813
    5  C   1.12037   1.08708   0.99994   0.99337
    6  C   1.10830   0.95696   1.05935   0.96802
    7  C   1.11227   0.95427   1.05912   0.97177
    8  C   1.11523   1.06930   0.95848   0.97457
    9  C   1.11505   1.07543   0.97998   0.98454
   10  C   1.11403   0.94628   1.06535   0.96760
   11  C   1.11227   0.95461   1.06406   0.97033
   12  C   1.12027   1.08572   0.97499   0.98789
   13  C   1.08385   0.98806   1.06620   1.12462
   14  C   1.08021   1.00966   1.02919   1.12611
   15  C   1.08198   1.01675   1.02737   1.13321
   16  C   1.08292   0.99838   1.04933   1.12962
   17  C   1.11900   0.96272   0.89701   0.93713
   18  C   1.09140   1.08559   0.93491   1.03039
   19  C   1.09451   1.03602   0.94419   1.00384
   20  C   1.11116   0.96525   1.00448   0.99628
   21  C   1.10503   0.95160   0.98567   0.99632
   22  C   1.10675   1.04900   0.95787   1.01412
   23  C   1.09100   1.05245   0.93301   1.01265
   24  C   1.12001   0.96893   0.94266   0.97305
   25  C   1.13109   0.98147   0.80799   0.82963
   26  C   1.09483   0.91282   0.94956   0.81750
   27  C   1.09874   0.95638   0.92043   0.81839
   28  C   1.09716   0.91822   0.95055   0.81939
   29  H   0.80255
   30  H   0.81733
   31  H   0.80990
   32  H   0.81045
   33  H   0.78649
   34  H   0.80666
   35  H   0.83748
   36  H   0.82934
   37  H   0.81718
   38  H   0.81517
   39  H   0.81493
   40  H   0.80910
   41  H   0.82253
   42  H   0.82800
   43  H   0.80479
   44  H   0.79259
   45  H   0.82374
   46  H   0.82486
   47  H   0.81765
   48  H   0.81883
   49  H   0.66983
   50  H   0.65293
   51  H   0.65244
   52  H   0.65744
   53  O   1.83704   1.58282   1.51037   1.30649
   54  O   1.82050   1.68650   1.63213   1.35650
   55  O   1.82281   1.64202   1.67322   1.34409
   56  O   1.82034   1.68260   1.64233   1.35266
   57 Cu   0.38236   0.00004   0.00012   0.00004   1.99703   1.99688   1.99668   1.99197   1.99000


                    (SZ)    =    0.500000
                    (S**2)  =    0.840883


          ATOMIC ORBITAL SPIN POPULATIONS

    Atom   Total    s     px     py     pz   x^2-y^2  xz     z^2    yz     xy
         Atomic
    1  C  0.4083  0.010  0.019  0.261  0.118
    2  C  0.0182  0.001  0.011  0.001  0.005
    3  C  0.0051  0.000  0.000  0.003  0.001
    4  C  0.0156  0.000  0.010  0.001  0.004
    5  C -0.2111 -0.008 -0.014 -0.135 -0.055
    6  C -0.0185 -0.001 -0.012 -0.001 -0.005
    7  C -0.0174 -0.001 -0.011 -0.001 -0.005
    8  C -0.0051 -0.000 -0.000 -0.003 -0.001
    9  C -0.0060 -0.000 -0.001 -0.004 -0.002
   10  C -0.0159 -0.001 -0.010 -0.001 -0.005
   11  C -0.0161 -0.001 -0.010 -0.001 -0.005
   12  C -0.1603 -0.007 -0.012 -0.095 -0.046
   13  C -0.0131 -0.002 -0.007 -0.002 -0.002
   14  C -0.0014 -0.000 -0.000 -0.000 -0.000
   15  C -0.0015 -0.000 -0.000 -0.001 -0.000
   16  C -0.0112 -0.002 -0.006 -0.002 -0.002
   17  C  0.2442  0.006  0.007  0.150  0.081
   18  C  0.0303  0.003  0.015  0.007  0.006
   19  C  0.0176  0.001  0.011  0.001  0.005
   20  C  0.0052  0.000  0.000  0.003  0.001
   21  C  0.0053  0.000  0.000  0.003  0.001
   22  C  0.0150  0.001  0.009  0.001  0.004
   23  C  0.0250  0.002  0.012  0.005  0.005
   24  C  0.1989  0.004  0.005  0.131  0.059
   25  C  0.2405 -0.001  0.001  0.205  0.036
   26  C -0.0162 -0.001 -0.011 -0.001 -0.003
   27  C -0.0025 -0.000 -0.000 -0.002 -0.000
   28  C -0.0141 -0.001 -0.010 -0.001 -0.003
   29  H -0.0131 -0.013
   30  H -0.0004 -0.000
   31  H  0.0001  0.000
   32  H -0.0003 -0.000
   33  H  0.0066  0.007
   34  H  0.0024  0.002
   35  H  0.0010  0.001
   36  H  0.0008  0.001
   37  H  0.0004  0.000
   38  H  0.0004  0.000
   39  H  0.0005  0.000
   40  H  0.0003  0.000
   41  H  0.0008  0.001
   42  H  0.0008  0.001
   43  H  0.0025  0.002
   44  H  0.0050  0.005
   45  H  0.0026  0.003
   46  H  0.0004  0.000
   47  H  0.0004  0.000
   48  H  0.0021  0.002
   49  H  0.0003  0.000
   50  H  0.0004  0.000
   51  H  0.0003  0.000
   52  H -0.0148 -0.015
   53  O  0.2883  0.010  0.056  0.179  0.044
   54  O -0.0020 -0.000 -0.001 -0.001 -0.000
   55  O -0.0015 -0.000 -0.000 -0.000 -0.001
   56  O -0.0021 -0.000 -0.001 -0.001 -0.000
   57 Cu -0.0010 -0.001  0.000 -0.000 -0.000  0.000 -0.000  0.000  0.000 -0.000

 **********************
 *                    *
 * JOB ENDED NORMALLY *
 *                    *
 **********************



 TOTAL JOB TIME:             0.49 SECONDS

 == MOPAC DONE ==
