====================================================================================================================================
Only Ibrahim Khalil ; ialikhalil@kku.edu.sa is authorized to use this version of iGVPT2
====================================================================================================================================
seed = -1
----------------------------------------------------------
runType=VPT2
model=ORCA
----------------------------------------------------------

nFrequencies=3
VPT2 model : GVPT2

Gradients
END

Hessian
1 1      1616.1680515394
2 2      3785.6073688719
3 3      3892.3016014893
END

Cubic
1 1 1       272.4251640000
1 1 2      -340.3225090000
1 1 3        23.3891380000
2 2 1       -67.6964680000
2 2 2      1791.3258120000
2 2 3       112.9086660000
3 2 1       -13.9215330000
3 3 1      -265.2395100000
3 3 2      1781.2327880000
3 3 3      -346.1531880000
END

Quartic
1 1 1 1       -38.6531270000
1 1 1 2       -65.4809620000
1 1 1 3        23.3425140000
2 2 1 1      -306.8325750000
2 2 2 1       151.1520670000
2 2 2 2       731.4936740000
2 2 2 3       -99.2445590000
3 3 1 1      -364.0954710000
3 3 2 1        -1.3728340000
3 3 2 2       721.2855920000
3 3 3 1        -9.6457890000
3 3 3 2       101.1447300000
3 3 3 3       746.2680540000
END

Coriolis
END

Rotation constants
1         1.0000000000
2         1.0000000000
3         1.0000000000
END
nFrequencies=3
nDim=3
VPT2 Properties model : GVPT2 : Gaussian method

First derivatives
1 1        -1.1688210000
1 2         0.2551740000
1 3        -0.7262420000
2 1        -1.3023980000
2 2         0.4389150000
2 3         2.0831870000
3 1        -2.6983170000
3 2         0.5322320000
3 3        -0.7847830000
END


Second derivatives
1 1 1         8.8210450000
1 1 2        -3.2155440000
1 1 3         8.4523290000
1 2 1        -3.2155440000
1 2 2         5.2123610000
1 2 3        -6.9478370000
1 3 1         8.4523290000
1 3 2        -6.9478370000
1 3 3        -1.2706200000
2 1 1        11.0646460000
2 1 2        -5.5406290000
2 1 3       -25.6830420000
2 2 1        -5.5406290000
2 2 2        10.2606780000
2 2 3        16.5442960000
2 3 1       -25.6830420000
2 3 2        16.5442960000
2 3 3        -3.4105210000
3 1 1        22.8292720000
3 1 2        -7.4204850000
3 1 3         9.4555730000
3 2 1        -7.4204850000
3 2 2        15.6841920000
3 2 3        -6.7175220000
3 3 1         9.4555730000
3 3 2        -6.7175220000
3 3 3        -1.9712350000
END


Cubic derivatives
1 1 1 1        -8.4464290000
1 1 1 2        63.6406010000
1 1 1 3      -100.8299980000
1 1 2 1        63.6406010000
1 1 2 2       -36.5249870000
1 1 3 1      -100.8299980000
1 1 3 3        43.8134830000
1 2 1 1        63.6406010000
1 2 1 2       -36.5249870000
1 2 2 1       -36.5249870000
1 2 2 2       -41.9252690000
1 2 2 3         9.4471060000
1 2 3 2         9.4471060000
1 2 3 3       -28.7379320000
1 3 1 1      -100.8299980000
1 3 1 3        43.8134830000
1 3 2 2         9.4471060000
1 3 2 3       -28.7379320000
1 3 3 1        43.8134830000
1 3 3 2       -28.7379320000
1 3 3 3      -114.1320410000
2 1 1 1        -3.8983520000
2 1 1 2        95.4609020000
2 1 1 3       201.6599970000
2 1 2 1        95.4609020000
2 1 2 2       -60.8749780000
2 1 3 1       201.6599970000
2 1 3 3        50.0725520000
2 2 1 1        95.4609020000
2 2 1 2       -60.8749780000
2 2 2 1       -60.8749780000
2 2 2 2       -18.6334530000
2 2 2 3       -47.2355310000
2 2 3 2       -47.2355310000
2 2 3 3         9.5793110000
2 3 1 1       201.6599970000
2 3 1 3        50.0725520000
2 3 2 2       -47.2355310000
2 3 2 3         9.5793110000
2 3 3 1        50.0725520000
2 3 3 2         9.5793110000
2 3 3 3       288.9726160000
3 1 1 1        18.1923080000
3 1 1 2       214.7870300000
3 1 1 3       -52.4315990000
3 1 2 1       214.7870300000
3 1 2 2       -60.8749780000
3 1 3 1       -52.4315990000
3 1 3 3        93.8860340000
3 2 1 1       214.7870300000
3 2 1 2       -60.8749780000
3 2 2 1       -60.8749780000
3 2 2 2        -2.3291820000
3 2 2 3        28.3413190000
3 2 3 2        28.3413190000
3 2 3 3        -9.5793110000
3 3 1 1       -52.4315990000
3 3 1 3        93.8860340000
3 3 2 2        28.3413190000
3 3 2 3        -9.5793110000
3 3 3 1        93.8860340000
3 3 3 2        -9.5793110000
3 3 3 3       -63.1368740000
END

nFrequencies 3
nStates 10
State n 1	0 0 0 
State n 2	1 0 0 
State n 3	0 1 0 
State n 4	0 0 1 
State n 5	2 0 0 
State n 6	0 2 0 
State n 7	0 0 2 
State n 8	1 1 0 
State n 9	1 0 1 
State n 10	0 1 1 

Xkl (cm^-1) by VPT2+K model
1 1       -18.1268940311
1 2        -9.8244912077
1 3       -41.5693917530
2 1        -9.8244912077
2 2       -43.2597796469
2 3      -164.7159251047
3 1       -41.5693917530
3 2      -164.7159251047
3 3       -50.4243163632
END

C=32.325398

Diagonal of H (cm^-1) by VPT2+K model
     4565.0583114236         0.0000000000 
     6119.2756334205      1554.2173219968  1(1) 
     8176.8759128455      3611.8176014219  2(1) 
     8253.3686217577      3688.3103103341  3(1) 
     7637.2391673551      3072.1808559314  1(2) 
    11702.1739549735      7137.1156435499  2(2) 
    11840.8302993654      7275.7719879418  3(2) 
     9721.2687436346      5156.2104322110  1(1)  2(1) 
     9766.0165520015      5200.9582405779  1(1)  3(1) 
    11700.4702980748      7135.4119866512  2(1)  3(1) 
END


Resonance Matrix (cm^-1) by VPT2+K model
========================================
 Fermi Resonances terms :
 0 Fermi Resonances 
----------------------------------------------------------------------------------------------------

 Darling-Dennison Resonances terms :
 0 Darling-Dennison Resonances 
----------------------------------------------------------------------------------------------------

END



Results
========================
       E(harm)      E(anharm)     Mode(Quanta), Coef 
       -------      ---------     ---------------- 
    0.00000000     0.00000000     [ 1.000] 
 1616.16805154  1554.21732200     [ 1.000  1(1)] 
 3232.33610308  3072.18085593     [ 1.000  1(2)] 
 3785.60736887  3611.81760142     [ 1.000  2(1)] 
 3892.30160149  3688.31031033     [ 1.000  3(1)] 
 5401.77542041  5156.21043221     [ 1.000  1(1)  2(1)] 
 5508.46965303  5200.95824058     [ 1.000  1(1)  3(1)] 
 7677.90897036  7135.41198665     [ 1.000  2(1)  3(1)] 
 7571.21473774  7137.11564355     [ 1.000  2(2)] 
 7784.60320298  7275.77198794     [ 1.000  3(2)] 



Results With intensities
========================
       E(harm)      E(anharm)        I(harm)      I(anharm)     Coef Mode(Quanta) 
       -------      ---------        -------      ---------     ---------------- 
    0.00000000     0.00000000     0.00000000     0.00000000     [ 1.000] 
 1616.16805154  1554.21732200    83.75022939    82.95783193     [ 1.000  1(1)] 
 3232.33610308  3072.18085593     0.00000000     1.59416310     [ 1.000  1(2)] 
 3785.60736887  3611.81760142     4.38075706     2.69070692     [ 1.000  2(1)] 
 3892.30160149  3688.31031033    44.39597845    39.29119972     [ 1.000  3(1)] 
 5401.77542041  5156.21043221     0.00000000     0.14133743     [ 1.000  1(1)  2(1)] 
 5508.46965303  5200.95824058     0.00000000     4.11304479     [ 1.000  1(1)  3(1)] 
 7677.90897036  7135.41198665     0.00000000     3.46059269     [ 1.000  2(1)  3(1)] 
 7571.21473774  7137.11564355     0.00000000     0.75543965     [ 1.000  2(2)] 
 7784.60320298  7275.77198794     0.00000000     0.05422528     [ 1.000  3(2)] 



Results With intensities
========================

Fundamental Bands
-----------------
       E(harm)      E(anharm)        I(harm)      I(anharm)       Coef. Mode(Quanta) 
  ------------   ------------   ------------   ------------     -------------------- 
 1616.16805154  1554.21732200    83.75022939    82.95783193     [ 1.000  1(1)] 
 3785.60736887  3611.81760142     4.38075706     2.69070692     [ 1.000  2(1)] 
 3892.30160149  3688.31031033    44.39597845    39.29119972     [ 1.000  3(1)] 

Overtones
---------
       E(harm)      E(anharm)        I(harm)      I(anharm)       Coef. Mode(Quanta) 
  ------------   ------------   ------------   ------------     -------------------- 
 3232.33610308  3072.18085593     0.00000000     1.59416310     [ 1.000  1(2)] 
 7571.21473774  7137.11564355     0.00000000     0.75543965     [ 1.000  2(2)] 
 7784.60320298  7275.77198794     0.00000000     0.05422528     [ 1.000  3(2)] 

Combination Bands
----------------
       E(harm)      E(anharm)        I(harm)      I(anharm)       Coef. Mode(Quanta) 
  ------------   ------------   ------------   ------------     -------------------- 
 5401.77542041  5156.21043221     0.00000000     0.14133743     [ 1.000  1(1)  2(1)] 
 5508.46965303  5200.95824058     0.00000000     4.11304479     [ 1.000  1(1)  3(1)] 
 7677.90897036  7135.41198665     0.00000000     3.46059269     [ 1.000  2(1)  3(1)] 


