
FINAL ENERGY:    0.00000000000000 kcal/mol
Gradients: 2 atoms 
    -0.00000000000000    -0.00000000000000    -0.00000130769825                   C1
    -0.00000000000000    -0.00000000000000     0.00000130769825                   C1

