Hybrid DFT/MMFF94
seed = -1
----------------------------------------------------------
runType=HYBRIDMM
model=GVPT2
----------------------------------------------------------

I cannot read the dipole derivatives from the h2oFreq.gab file
Establishing connectivity : 2 connections...
Establishing connectivity : 3 connections...
Establishing connectivity : 4 connections...
Establishing connectivity : non bonded ...
delta = 0.500000 reducedCoordiantes
nAtoms = 3
nModes = 3
#Number of free coordinates =3 
Setting of Parameters ...
#Number of free coordinates =3 

A T O M   T Y P E S

IDX	TYPE	RING
1	31	NO
2	31	NO
3	70	NO

F O R M A L   C H A R G E S

IDX	CHARGE
1	0.000000
2	0.000000
3	0.000000

P A R T I A L   C H A R G E S

IDX	CHARGE
1	0.430000
2	0.430000
3	-0.860000

S E T T I N G   U P   C A L C U L A T I O N S

SETTING UP BOND CALCULATIONS...
SETTING UP ANGLE & STRETCH-BEND CALCULATIONS...
SETTING UP TORSION CALCULATIONS...
SETTING UP OOP CALCULATIONS...
SETTING UP VAN DER WAALS CALCULATIONS...
SETTING UP ELECTROSTATIC CALCULATIONS...

E N E R G Y


B O N D   S T R E T C H I N G

ATOM TYPES   FF    BOND       IDEAL       FORCE
 I    J     CLASS  LENGTH     LENGTH     CONSTANT      DELTA      ENERGY
------------------------------------------------------------------------
31   70      0      0.969      0.969        7.880      0.000      0.000
31   70      0      0.969      0.969        7.880      0.000      0.000
     TOTAL BOND STRETCHING ENERGY =  0.00000 kcal/mol

A N G L E   B E N D I N G

ATOM TYPES        FF    VALENCE     IDEAL      FORCE
 I    J    K     CLASS   ANGLE      ANGLE     CONSTANT      DELTA      ENERGY
-----------------------------------------------------------------------------
31   70   31      0    103.978    103.978        0.658      0.000      0.000
     TOTAL ANGLE BENDING ENERGY =  0.00000 kcal/mol

S T R E T C H   B E N D I N G

ATOM TYPES        FF    VALENCE     DELTA        FORCE CONSTANT
 I    J    K     CLASS   ANGLE      ANGLE        I J        J K      ENERGY
---------------------------------------------------------------------------
31   70   31      0    103.978      0.000      0.210      0.210      0.000
     TOTAL STRETCH BENDING ENERGY =  0.00000 kcal/mol

T O R S I O N A L

ATOM TYPES             FF     TORSION       FORCE CONSTANT
 I    J    K    L     CLASS    ANGLE         V1   V2   V3     ENERGY
--------------------------------------------------------------------
     TOTAL TORSIONAL ENERGY =  0.00000 kcal/mol

O U T - O F - P L A N E   B E N D I N G

ATOM TYPES             FF       OOP     FORCE
 I    J    K    L     CLASS    ANGLE   CONSTANT     ENERGY
----------------------------------------------------------
     TOTAL OUT-OF-PLANE BENDING ENERGY =  0.00000 kcal/mol

V A N   D E R   W A A L S

ATOM TYPES
 I    J        Rij       R*IJ    EPSILON    ENERGY
--------------------------------------------------
     TOTAL VAN DER WAALS ENERGY =  0.00000 kcal/mol

E L E C T R O S T A T I C   I N T E R A C T I O N S

ATOM TYPES
 I    J        Rij        Qi         Qj        ENERGY
-----------------------------------------------------
     TOTAL ELECTROSTATIC ENERGY =  0.00000 kcal/mol

TOTAL ENERGY =  0.00000 kcal/mol

FINAL ENERGY:    0.00000000000000 kcal/mol
nAtoms = 3
numberOfFrequencies = 3
Begin initNMRQFF0 nf = 3
End initgrad
End initNMRQFF0
End initnMRQFF0
Begin free
End free
Energ computeQFFDerivativesEnergies
Energ computeQFFDerivativesDipoles
QFF parameters saved in /home/allouche/MySoftwares/CChemI/CChemI-100716/iGVPT2/tests/H2O/1MRQFF.txt file
nFrequencies=3
VPT2 model : GVPT2

Gradients
END

Hessian
1 1      1581.4808810000
2 2      3723.0793110000
3 3      3783.0284860000
END

Cubic
1 1 1       367.3708970000
2 2 2     -1530.2131660000
3 3 3        16.1216260000
END

Quartic
1 1 1 1       139.5566210000
2 2 2 2       489.2126550000
3 3 3 3       502.1495460000
END

Coriolis
END

Rotation constants
1         1.0000000000
2         1.0000000000
3         1.0000000000
END
nFrequencies=3
nDim=3
VPT2 Properties model : GVPT2 : Gaussian method

First derivatives
1 1        -1.8109340000
1 2        -1.3434900000
1 3        -1.5226120000
2 1        -2.0477350000
2 2        -1.5004450000
2 3         4.4969590000
3 1        -4.1653520000
3 2        -3.0865140000
3 3        -1.5362060000
END


Second derivatives
END


Cubic derivatives
END

nFrequencies 3
nStates 10
State n 1	0 0 0 
State n 2	1 0 0 
State n 3	0 1 0 
State n 4	0 0 1 
State n 5	2 0 0 
State n 6	0 2 0 
State n 7	0 0 2 
State n 8	1 1 0 
State n 9	1 0 1 
State n 10	0 1 1 

Xkl (cm^-1) by VPT2+K model
1 1        -0.1671494549
2 2       -34.9376405586
3 3        31.3771900234
END

C=8.989437

Diagonal of H (cm^-1) by VPT2+K model
     4542.8624390025         0.0000000000 
     6124.0090210926      1581.1465820901  1(1) 
     8196.0664688852      3653.2040298828  2(1) 
     8388.6453050493      3845.7828660469  3(1) 
     7704.8213042729      3161.9588652704  1(2) 
    11779.3952176508      7236.5327786483  2(2) 
    12297.1825511431      7754.3201121406  3(2) 
     9777.2130509754      5234.3506119729  1(1)  2(1) 
     9969.7918871395      5426.9294481370  1(1)  3(1) 
    12041.8493349321      7498.9868959296  2(1)  3(1) 
END


Resonance Matrix (cm^-1) by VPT2+K model
========================================
 Fermi Resonances terms :
 0 Fermi Resonances 
----------------------------------------------------------------------------------------------------

 Darling-Dennison Resonances terms :
 0 Darling-Dennison Resonances 
----------------------------------------------------------------------------------------------------

END



Results
========================
       E(harm)      E(anharm)     Mode(Quanta), Coef 
       -------      ---------     ---------------- 
    0.00000000     0.00000000     [ 1.000] 
 1581.48088100  1581.14658209     [ 1.000  1(1)] 
 3162.96176200  3161.95886527     [ 1.000  1(2)] 
 3723.07931100  3653.20402988     [ 1.000  2(1)] 
 3783.02848600  3845.78286605     [ 1.000  3(1)] 
 5304.56019200  5234.35061197     [ 1.000  1(1)  2(1)] 
 5364.50936700  5426.92944814     [ 1.000  1(1)  3(1)] 
 7446.15862200  7236.53277865     [ 1.000  2(2)] 
 7506.10779700  7498.98689593     [ 1.000  2(1)  3(1)] 
 7566.05697200  7754.32011214     [ 1.000  3(2)] 



Results With intensities
========================
       E(harm)      E(anharm)        I(harm)      I(anharm)     Coef Mode(Quanta) 
       -------      ---------        -------      ---------     ---------------- 
    0.00000000     0.00000000     0.00000000     0.00000000     [ 1.000] 
 1581.48088100  1581.14658209   200.99199483   200.38996054     [ 1.000  1(1)] 
 3162.96176200  3161.95886527     0.00000000     0.60235169     [ 1.000  1(2)] 
 3723.07931100  3653.20402988   109.98121171   108.93206278     [ 1.000  2(1)] 
 3783.02848600  3845.78286605   201.62403911   201.58245270     [ 1.000  3(1)] 
 5304.56019200  5234.35061197     0.00000000     0.00000000     [ 1.000  1(1)  2(1)] 
 5364.50936700  5426.92944814     0.00000000     0.00000000     [ 1.000  1(1)  3(1)] 
 7446.15862200  7236.53277865     0.00000000     1.00309840     [ 1.000  2(2)] 
 7506.10779700  7498.98689593     0.00000000     0.00000000     [ 1.000  2(1)  3(1)] 
 7566.05697200  7754.32011214     0.00000000     0.00020849     [ 1.000  3(2)] 



Results With intensities
========================

Fundamental Bands
-----------------
       E(harm)      E(anharm)        I(harm)      I(anharm)       Coef. Mode(Quanta) 
  ------------   ------------   ------------   ------------     -------------------- 
 1581.48088100  1581.14658209   200.99199483   200.38996054     [ 1.000  1(1)] 
 3723.07931100  3653.20402988   109.98121171   108.93206278     [ 1.000  2(1)] 
 3783.02848600  3845.78286605   201.62403911   201.58245270     [ 1.000  3(1)] 

Overtones
---------
       E(harm)      E(anharm)        I(harm)      I(anharm)       Coef. Mode(Quanta) 
  ------------   ------------   ------------   ------------     -------------------- 
 3162.96176200  3161.95886527     0.00000000     0.60235169     [ 1.000  1(2)] 
 7446.15862200  7236.53277865     0.00000000     1.00309840     [ 1.000  2(2)] 
 7566.05697200  7754.32011214     0.00000000     0.00020849     [ 1.000  3(2)] 

Combination Bands
----------------
       E(harm)      E(anharm)        I(harm)      I(anharm)       Coef. Mode(Quanta) 
  ------------   ------------   ------------   ------------     -------------------- 
 5304.56019200  5234.35061197     0.00000000     0.00000000     [ 1.000  1(1)  2(1)] 
 5364.50936700  5426.92944814     0.00000000     0.00000000     [ 1.000  1(1)  3(1)] 
 7506.10779700  7498.98689593     0.00000000     0.00000000     [ 1.000  2(1)  3(1)] 


